
> tfghrms@0.1.0 build
> next build

Γû▓ Next.js 16.2.6 (Turbopack)
- Environments: .env.local

npm : ΓÜá The "middleware" file convention is deprecated. Please use "proxy" instead. Learn more: 
https://nextjs.org/docs/messages/middleware-to-proxy
At line:1 char:1
+ npm run build > build_output.txt 2>&1; Get-Content build_output.txt | ...
+ ~~~~~~~~~~~~~~~~~~~~~~~~~~~~~~~~~~~~~
    + CategoryInfo          : NotSpecified: (ΓÜá The "middle...leware-to-proxy:String) [], RemoteException
    + FullyQualifiedErrorId : NativeCommandError
 
  Creating an optimized production build ...
Γ£ô Compiled successfully in 11.4s
  Running TypeScript ...
  Finished TypeScript in 168ms ...
  Collecting page data using 11 workers ...
  Generating static pages using 11 workers (0/85) ...
  Generating static pages using 11 workers (21/85) 
  Generating static pages using 11 workers (42/85) 
  Generating static pages using 11 workers (63/85) 
Γ£ô Generating static pages using 11 workers (85/85) in 2.2s
  Finalizing page optimization ...

Route (app)
Γöî Γùï /
Γö£ Γùï /_not-found
Γö£ ╞Æ /api/proxy
Γö£ Γùï /login
Γö£ Γùï /org/employee/announcements
Γö£ Γùï /org/employee/assets
Γö£ Γùï /org/employee/attendance
Γö£ Γùï /org/employee/dashboard
Γö£ Γùï /org/employee/documents
Γö£ Γùï /org/employee/documents/company
Γö£ Γùï /org/employee/documents/my-docs
Γö£ Γùï /org/employee/documents/requests
Γö£ Γùï /org/employee/documents/templates
Γö£ Γùï /org/employee/leaves
Γö£ Γùï /org/employee/leaves/calendar
Γö£ Γùï /org/employee/leaves/overview
Γö£ Γùï /org/employee/onboarding
Γö£ Γùï /org/employee/payslips
Γö£ Γùï /org/employee/profile
Γö£ Γùï /org/employee/wellness
Γö£ Γùï /org/employee/work
Γö£ Γùï /org/employee/work/daily-updates
Γö£ Γùï /org/employee/work/my-tasks
Γö£ Γùï /org/employee/work/team-tasks
Γö£ Γùï /org/employee/work/team-timesheets
Γö£ Γùï /org/employee/work/team-updates
Γö£ Γùï /org/employee/work/timesheets
Γö£ Γùï /org/hr/ai-insights
Γö£ Γùï /org/hr/analytics
Γö£ Γùï /org/hr/announcements
Γö£ Γùï /org/hr/assets
Γö£ Γùï /org/hr/attendance
Γö£ Γùï /org/hr/attendance/config
Γö£ Γùï /org/hr/attendance/daily
Γö£ Γùï /org/hr/attendance/locations
Γö£ Γùï /org/hr/attendance/regularizations
Γö£ Γùï /org/hr/attendance/reports
Γö£ Γùï /org/hr/attendance/summary
Γö£ Γùï /org/hr/communication
Γö£ Γùï /org/hr/dashboard
Γö£ Γùï /org/hr/departments
Γö£ Γùï /org/hr/documents
Γö£ Γùï /org/hr/documents/company
Γö£ Γùï /org/hr/documents/requests
Γö£ Γùï /org/hr/documents/templates
Γö£ Γùï /org/hr/employees
Γö£ ╞Æ /org/hr/employees/[id]
Γö£ Γùï /org/hr/exit
Γö£ Γùï /org/hr/leaves
Γö£ Γùï /org/hr/leaves/holidays
Γö£ Γùï /org/hr/leaves/leave-types
Γö£ Γùï /org/hr/leaves/reports
Γö£ Γùï /org/hr/leaves/requests
Γö£ Γùï /org/hr/leaves/workflow
Γö£ Γùï /org/hr/logs
Γö£ Γùï /org/hr/payroll
Γö£ Γùï /org/hr/payroll/adjustments
Γö£ Γùï /org/hr/payroll/config
Γö£ Γùï /org/hr/payroll/payslips
Γö£ Γùï /org/hr/payroll/runs
Γö£ Γùï /org/hr/settings
Γö£ Γùï /org/hr/talent
Γö£ Γùï /org/hr/user-management
Γö£ Γùï /org/hr/wellness
Γö£ Γùï /org/hr/work
Γö£ Γùï /org/hr/work/daily-updates
Γö£ Γùï /org/hr/work/projects
Γö£ Γùï /org/hr/work/timesheets
Γö£ Γùï /org/hr/work/work-items
Γö£ Γùï /superadmin/billing
Γö£ Γùï /superadmin/dashboard
Γö£ Γùï /superadmin/logs
Γö£ Γùï /superadmin/organizations
Γö£ Γùï /superadmin/roles
Γö£ Γùï /superadmin/settings
Γö£ Γùï /superadmin/settings/api
Γö£ Γùï /superadmin/settings/backup
Γö£ Γùï /superadmin/settings/flags
Γö£ Γùï /superadmin/settings/notifications
Γö£ Γùï /superadmin/settings/platform
Γö£ Γùï /superadmin/settings/roles
Γö£ Γùï /superadmin/settings/security
Γö£ Γùï /superadmin/settings/smtp
Γöö Γùï /superadmin/users


╞Æ Proxy (Middleware)

Γùï  (Static)   prerendered as static content
╞Æ  (Dynamic)  server-rendered on demand

